// Jest Snapshot v1, https://goo.gl/fbAQLP

exports[`Snapshot testing enabled Button component 1`] = `
<form
  className="todo-form"
  onSubmit={[Function]}
>
  <input
    onChange={[Function]}
    placeholder="Add new task"
    type="text"
    value=""
  />
  <button>
    Add
  </button>
</form>
`;
